[kernel] Parsing functions.c (with preprocessing)
[kernel] Parsing main.c (with preprocessing)
[kernel] Parsing sub/functions2.c (with preprocessing)
[variadic] main.c:59: Warning: 
  Incorrect type for argument 2. The argument will be cast from uint32_t to int.
[variadic] main.c:62: Warning: 
  Incorrect type for argument 2. The argument will be cast from uint32_t to int.
[eva] Analyzing a complete application starting at main
[eva] Computing initial state
[eva] Initial state computed
[eva:initial-state] Values of globals at initialization
  
[eva] main.c:54: allocating variable __malloc_main_l54
[eva] using specification for function printf_va_1
[eva] sub/functions2.c:30: allocating variable __malloc_add2_l30
[eva:alarm] sub/functions2.c:31: Warning: 
  out of bounds write. assert \valid(overflow3 + 32);
[kernel] sub/functions2.c:31: Warning: 
  all target addresses were invalid. This path is assumed to be dead.
[eva] done for function main
[eva] sub/functions2.c:31: assertion 'Eva,mem_access' got final status invalid.
[eva] ====== VALUES COMPUTED ======
[eva:final-states] Values at end of function add2:
  NON TERMINATING FUNCTION
[eva:final-states] Values at end of function fact2:
  NON TERMINATING FUNCTION
[eva:final-states] Values at end of function main:
  NON TERMINATING FUNCTION
[eva:summary] ====== ANALYSIS SUMMARY ======
  ----------------------------------------------------------------------------
  3 functions analyzed (out of 24): 12% coverage.
  In these functions, 12 statements reached (out of 33): 36% coverage.
  ----------------------------------------------------------------------------
  Some errors and warnings have been raised during the analysis:
    by the Eva analyzer:      0 errors    0 warnings
    by the Frama-C kernel:    0 errors    1 warning
  ----------------------------------------------------------------------------
  1 alarm generated by the analysis:
       1 invalid memory access
  1 of them is a sure alarm (invalid status).
  ----------------------------------------------------------------------------
  Evaluation of the logical properties reached by the analysis:
    Assertions        0 valid     0 unknown     0 invalid      0 total
    Preconditions     4 valid     0 unknown     0 invalid      4 total
  100% of the logical properties reached have been proven.
  ----------------------------------------------------------------------------
[metrics] Defined functions (8)
  =====================
   add (1 call); add2 (1 call); fact (3 calls); fact2 (2 calls);
   just_a_wild_function_never_called (0 call); main (0 call); mul (1 call);
   mul2 (1 call); 
  
  Undefined functions (0)
  =======================
   
  
  'Extern' global variables (0)
  =============================
   
  
  Potential entry points (2)
  ==========================
   just_a_wild_function_never_called; main; 
  
  Global metrics
  ============== 
  Sloc = 59
  Decision point = 3
  Global variables = 0
  If = 3
  Loop = 0
  Goto = 4
  Assignment = 29
  Exit point = 8
  Function = 8
  Function call = 16
  Pointer dereferencing = 5
  Cyclomatic complexity = 11
[report] Dumping properties in 'result.csv'
